
Gurobi 13.0.1 (mac64[arm]) logging started Tue Jul 21 22:16:39 2026

Set parameter LogFile to value "compare_plots/gurobi_log/mnp.log"
Set parameter LogToConsole to value 0
Gurobi Optimizer version 13.0.1 build v13.0.1rc0 (mac64[arm] - Darwin 25.5.0 25F84)

CPU model: Apple M1
Thread count: 8 physical cores, 8 logical processors, using up to 8 threads

Non-default parameters:
TimeLimit  1200
MIPGap  0.01
LogToConsole  0

Optimize a model with 1286 rows, 1953 columns and 9612 nonzeros (Min)
Model fingerprint: 0xd9a286c5
Model has 1947 linear objective coefficients
Variable types: 0 continuous, 1953 integer (0 binary)
Coefficient statistics:
  Matrix range     [1e+00, 2e+03]
  Objective range  [3e+01, 3e+04]
  Bounds range     [0e+00, 0e+00]
  RHS range        [2e+01, 3e+04]

Found heuristic solution: objective 353851.87500
Presolve removed 785 rows and 1176 columns
Presolve time: 0.01s
Presolved: 501 rows, 777 columns, 3741 nonzeros
Variable types: 0 continuous, 777 integer (0 binary)

Root relaxation: objective 2.440247e+05, 368 iterations, 0.00 seconds (0.00 work units)

    Nodes    |    Current Node    |     Objective Bounds      |     Work
 Expl Unexpl |  Obj  Depth IntInf | Incumbent    BestBd   Gap | It/Node Time

     0     0 244024.750    0  296 353851.875 244024.750  31.0%     -    0s
H    0     0                    276167.12500 244024.750  11.6%     -    0s
H    0     0                    258032.00000 244024.750  5.43%     -    0s
H    0     0                    258018.50000 244024.750  5.42%     -    0s
H    0     0                    256053.75000 244024.750  4.70%     -    0s
     0     0 245716.151    0  359 256053.750 245716.151  4.04%     -    0s
     0     0 246289.172    0  379 256053.750 246289.172  3.81%     -    0s
     0     0 246356.147    0  382 256053.750 246356.147  3.79%     -    0s
     0     0 246358.264    0  388 256053.750 246358.264  3.79%     -    0s
     0     0 246358.592    0  389 256053.750 246358.592  3.79%     -    0s
H    0     0                    255250.50000 246358.592  3.48%     -    0s
     0     0 247511.180    0  339 255250.500 247511.180  3.03%     -    0s
H    0     0                    255247.50000 247511.180  3.03%     -    0s
     0     0 247573.950    0  375 255247.500 247573.950  3.01%     -    0s
     0     0 247574.020    0  358 255247.500 247574.020  3.01%     -    0s
     0     0 247574.020    0  364 255247.500 247574.020  3.01%     -    0s
     0     0 247574.020    0  367 255247.500 247574.020  3.01%     -    0s
H    0     0                    255247.12500 247574.020  3.01%     -    0s
     0     0 248233.746    0  376 255247.125 248233.746  2.75%     -    0s
     0     0 248384.509    0  345 255247.125 248384.509  2.69%     -    0s
     0     0 248449.229    0  352 255247.125 248449.229  2.66%     -    0s
     0     0 248464.104    0  366 255247.125 248464.104  2.66%     -    0s
     0     0 248473.342    0  386 255247.125 248473.342  2.65%     -    0s
     0     0 248477.153    0  383 255247.125 248477.153  2.65%     -    0s
H    0     0                    255233.62500 248477.153  2.65%     -    0s
H    0     0                    255196.12500 248477.153  2.63%     -    0s
H    0     0                    255170.62500 248477.153  2.62%     -    0s
H    0     0                    254073.25000 248477.153  2.20%     -    0s
H    0     0                    253473.25000 248477.153  1.97%     -    0s
H    0     0                    253230.62500 248667.099  1.80%     -    0s
     0     0 248707.832    0  388 253230.625 248707.832  1.79%     -    0s
     0     0 248727.444    0  384 253230.625 248727.444  1.78%     -    0s
     0     0 248727.768    0  378 253230.625 248727.768  1.78%     -    0s
     0     0 248732.234    0  384 253230.625 248732.234  1.78%     -    0s
     0     0 248749.429    0  372 253230.625 248749.429  1.77%     -    0s
     0     0 248758.872    0  380 253230.625 248758.872  1.77%     -    0s
     0     0 248763.880    0  387 253230.625 248763.880  1.76%     -    0s
H    0     0                    253227.62500 248763.880  1.76%     -    0s
     0     0 248779.943    0  383 253227.625 248779.943  1.76%     -    0s
     0     0 248787.293    0  383 253227.625 248787.293  1.75%     -    0s
H    0     0                    253226.62500 248787.293  1.75%     -    0s
H    0     0                    252452.62500 248787.293  1.45%     -    0s
H    0     0                    251083.37500 248787.293  0.91%     -    0s

Cutting planes:
  Gomory: 11
  MIR: 340
  StrongCG: 41
  Zero half: 1
  Mod-K: 2

Explored 1 nodes (2739 simplex iterations) in 0.64 seconds (0.36 work units)
Thread count was 8 (of 8 available processors)

Solution count 10: 251083 252453 253227 ... 255234

Optimal solution found (tolerance 1.00e-02)
Best objective 2.510833750000e+05, best bound 2.487872926206e+05, gap 0.9145%
