
Gurobi 13.0.1 (mac64[arm]) logging started Tue Jul 21 22:16:39 2026

Set parameter LogFile to value "compare_plots/gurobi_log/mrp.log"
Set parameter LogToConsole to value 0
Gurobi Optimizer version 13.0.1 build v13.0.1rc0 (mac64[arm] - Darwin 25.5.0 25F84)

CPU model: Apple M1
Thread count: 8 physical cores, 8 logical processors, using up to 8 threads

Non-default parameters:
TimeLimit  1200
MIPGap  0.01
LogToConsole  0

Optimize a model with 3203 rows, 5790 columns and 17094 nonzeros (Min)
Model fingerprint: 0xa6e4dcbe
Model has 3870 linear objective coefficients
Variable types: 0 continuous, 5790 integer (0 binary)
Coefficient statistics:
  Matrix range     [1e+00, 2e+03]
  Objective range  [6e-01, 3e+04]
  Bounds range     [0e+00, 0e+00]
  RHS range        [2e+01, 3e+04]

Found heuristic solution: objective 353851.87500
Presolve removed 152 rows and 276 columns
Presolve time: 0.01s
Presolved: 3051 rows, 5514 columns, 16482 nonzeros
Variable types: 0 continuous, 5514 integer (0 binary)

Root relaxation: objective 2.440247e+05, 4272 iterations, 0.05 seconds (0.07 work units)

    Nodes    |    Current Node    |     Objective Bounds      |     Work
 Expl Unexpl |  Obj  Depth IntInf | Incumbent    BestBd   Gap | It/Node Time

     0     0 244024.750    0  656 353851.875 244024.750  31.0%     -    0s
H    0     0                    275747.75000 244024.750  11.5%     -    0s
H    0     0                    256518.62500 244024.750  4.87%     -    0s
H    0     0                    256079.50000 244024.750  4.71%     -    0s
H    0     0                    255795.12500 244024.750  4.60%     -    0s
H    0     0                    255692.00000 244024.750  4.56%     -    0s
H    0     0                    254392.62500 244024.750  4.08%     -    0s
H    0     0                    254316.12500 244024.750  4.05%     -    0s
     0     0 245634.451    0  791 254316.125 245634.451  3.41%     -    0s
H    0     0                    251905.87500 245634.451  2.49%     -    0s
H    0     0                    251896.50000 245634.451  2.49%     -    0s
H    0     0                    251876.00000 245634.451  2.48%     -    0s
H    0     0                    251847.87500 245634.451  2.47%     -    0s
H    0     0                    251819.75000 245634.451  2.46%     -    0s
H    0     0                    251791.62500 245634.451  2.45%     -    0s
H    0     0                    251732.37500 245634.451  2.42%     -    0s
H    0     0                    251414.37500 245634.451  2.30%     -    0s
H    0     0                    251402.00000 246053.779  2.13%     -    0s
     0     0 246107.639    0  824 251402.000 246107.639  2.11%     -    0s
     0     0 246107.639    0  825 251402.000 246107.639  2.11%     -    0s
     0     0 246107.976    0  829 251402.000 246107.976  2.11%     -    0s
     0     0 246110.731    0  829 251402.000 246110.731  2.10%     -    0s
     0     0 247228.506    0  813 251402.000 247228.506  1.66%     -    0s
     0     0 247290.030    0  858 251402.000 247290.030  1.64%     -    0s
     0     0 247300.807    0  853 251402.000 247300.807  1.63%     -    0s
     0     0 247303.817    0  837 251402.000 247303.817  1.63%     -    0s
     0     0 247304.555    0  862 251402.000 247304.555  1.63%     -    0s
     0     0 247998.507    0  891 251402.000 247998.507  1.35%     -    0s
     0     0 248059.345    0  888 251402.000 248059.345  1.33%     -    0s
     0     0 248078.622    0  892 251402.000 248078.622  1.32%     -    0s
     0     0 248084.730    0  899 251402.000 248084.730  1.32%     -    0s
     0     0 248087.660    0  881 251402.000 248087.660  1.32%     -    0s
     0     0 248227.571    0  878 251402.000 248227.571  1.26%     -    0s
     0     0 248253.362    0  812 251402.000 248253.362  1.25%     -    0s
     0     0 248258.886    0  840 251402.000 248258.886  1.25%     -    0s
     0     0 248259.657    0  839 251402.000 248259.657  1.25%     -    0s
     0     0 248372.484    0  859 251402.000 248372.484  1.21%     -    0s
     0     0 248386.149    0  910 251402.000 248386.149  1.20%     -    0s
     0     0 248390.506    0  917 251402.000 248390.506  1.20%     -    0s
     0     0 248481.455    0  884 251402.000 248481.455  1.16%     -    1s
     0     0 248500.234    0  910 251402.000 248500.234  1.15%     -    1s
     0     0 248506.055    0  901 251402.000 248506.055  1.15%     -    1s
H    0     0                    250480.50000 248507.396  0.79%     -    1s
     0     0 248507.396    0  905 250480.500 248507.396  0.79%     -    1s

Cutting planes:
  Gomory: 39
  MIR: 1059
  StrongCG: 119
  Zero half: 3
  Mod-K: 8

Explored 1 nodes (11008 simplex iterations) in 1.07 seconds (1.07 work units)
Thread count was 8 (of 8 available processors)

Solution count 10: 250480 251402 251414 ... 251906

Optimal solution found (tolerance 1.00e-02)
Best objective 2.504805000000e+05, best bound 2.485073964117e+05, gap 0.7877%
