
Gurobi 13.0.1 (mac64[arm]) logging started Tue Jul 21 11:52:58 2026

Set parameter LogFile to value "compare_plots/gurobi_log/static.log"
Gurobi Optimizer version 13.0.1 build v13.0.1rc0 (mac64[arm] - Darwin 25.5.0 25F84)

CPU model: Apple M1
Thread count: 8 physical cores, 8 logical processors, using up to 8 threads

Non-default parameters:
TimeLimit  1200
MIPGap  0.01

Optimize a model with 12 rows, 21 columns and 45 nonzeros (Min)
Model fingerprint: 0xeaa663a2
Model has 12 linear objective coefficients
Variable types: 0 continuous, 21 integer (0 binary)
Coefficient statistics:
  Matrix range     [1e+00, 2e+03]
  Objective range  [1e+04, 4e+04]
  Bounds range     [0e+00, 0e+00]
  RHS range        [2e+01, 9e+04]

Found heuristic solution: objective 2548416.0000
Presolve removed 3 rows and 3 columns
Presolve time: 0.00s
Presolved: 9 rows, 18 columns, 39 nonzeros
Variable types: 0 continuous, 18 integer (0 binary)

Root relaxation: objective 2.094258e+06, 9 iterations, 0.00 seconds (0.00 work units)

    Nodes    |    Current Node    |     Objective Bounds      |     Work
 Expl Unexpl |  Obj  Depth IntInf | Incumbent    BestBd   Gap | It/Node Time

     0     0 2094258.00    0    5 2548416.00 2094258.00  17.8%     -    0s
H    0     0                    2154194.0000 2094258.00  2.78%     -    0s
H    0     0                    2118456.0000 2094258.00  1.14%     -    0s
H    0     0                    2109858.0000 2094258.00  0.74%     -    0s

Explored 1 nodes (9 simplex iterations) in 0.00 seconds (0.00 work units)
Thread count was 8 (of 8 available processors)

Solution count 4: 2.10986e+06 2.11846e+06 2.15419e+06 2.54842e+06 

Optimal solution found (tolerance 1.00e-02)
Best objective 2.109858000000e+06, best bound 2.094258000000e+06, gap 0.7394%
